[ "# header b", "## header bb", "### header bbb" ]