[ "# header a", "## header aa", "### header aaa", "#### header aaaa" ]